../Drivers/CMSIS/Include/core_cm4.h:2064:26:ITM_SendChar	16	static,ignoring_inline_asm
../Core/Src/main.c:132:6:SerialSendChar_PC	16	static
../Core/Src/main.c:140:6:SerialSendChar_WIFI	16	static
../Core/Src/main.c:149:6:HAL_UART_RxCpltCallback	16	static
../Core/Src/main.c:333:5:_write	32	static
../Core/Src/main.c:411:1:__io_putchar	16	static
../Core/Src/main.c:428:6:delay_us	16	static
../Core/Src/main.c:443:5:main	8	static
../Core/Src/main.c:604:6:SystemClock_Config	88	static
../Core/Src/main.c:650:13:MX_ADC1_Init	24	static
../Core/Src/main.c:718:13:MX_ETH_Init	8	static
../Core/Src/main.c:767:13:MX_TIM2_Init	56	static
../Core/Src/main.c:816:13:MX_TIM3_Init	64	static
../Core/Src/main.c:888:13:MX_TIM4_Init	56	static
../Core/Src/main.c:937:13:MX_TIM6_Init	16	static
../Core/Src/main.c:975:13:MX_TIM7_Init	16	static
../Core/Src/main.c:1013:13:MX_TIM8_Init	96	static
../Core/Src/main.c:1086:13:MX_TIM13_Init	40	static
../Core/Src/main.c:1132:13:MX_TIM14_Init	8	static
../Core/Src/main.c:1167:13:MX_UART4_Init	8	static
../Core/Src/main.c:1200:13:MX_USART3_UART_Init	8	static
../Core/Src/main.c:1233:13:MX_USB_OTG_FS_PCD_Init	8	static
../Core/Src/main.c:1266:13:MX_DMA_Init	16	static
../Core/Src/main.c:1288:13:MX_GPIO_Init	64	static
../Core/Src/main.c:1373:6:Error_Handler	4	static,ignoring_inline_asm
