../Core/Src/stm32f4xx_it.c:168:6:NMI_Handler	4	static
../Core/Src/stm32f4xx_it.c:183:6:HardFault_Handler	4	static
../Core/Src/stm32f4xx_it.c:198:6:MemManage_Handler	4	static
../Core/Src/stm32f4xx_it.c:213:6:BusFault_Handler	4	static
../Core/Src/stm32f4xx_it.c:228:6:UsageFault_Handler	4	static
../Core/Src/stm32f4xx_it.c:243:6:SVC_Handler	4	static
../Core/Src/stm32f4xx_it.c:256:6:DebugMon_Handler	4	static
../Core/Src/stm32f4xx_it.c:269:6:PendSV_Handler	4	static
../Core/Src/stm32f4xx_it.c:282:6:SysTick_Handler	8	static
../Core/Src/stm32f4xx_it.c:303:6:DMA1_Stream6_IRQHandler	8	static
../Core/Src/stm32f4xx_it.c:317:6:ADC_IRQHandler	16	static
../Core/Src/stm32f4xx_it.c:362:6:TIM3_IRQHandler	8	static
../Core/Src/stm32f4xx_it.c:377:6:USART3_IRQHandler	8	static
../Core/Src/stm32f4xx_it.c:391:6:TIM8_UP_TIM13_IRQHandler	8	static
../Core/Src/stm32f4xx_it.c:410:6:TIM8_TRG_COM_TIM14_IRQHandler	8	static
../Core/Src/stm32f4xx_it.c:461:6:UART4_IRQHandler	8	static
../Core/Src/stm32f4xx_it.c:475:6:TIM6_DAC_IRQHandler	8	static
../Core/Src/stm32f4xx_it.c:704:6:TIM7_IRQHandler	8	static
../Core/Src/stm32f4xx_it.c:737:6:DMA2_Stream0_IRQHandler	8	static
